Flow report for DDC_Board_Project
Sun Oct  4 13:47:14 2026
Quartus Prime Version 25.1std.0 Build 1129 10/21/2025 Patches 0.02std SC Lite Edition


---------------------
; Table of Contents ;
---------------------
  1. Legal Notice
  2. Flow Summary
  3. Flow Settings
  4. Flow Non-Default Global Settings
  5. Flow Elapsed Time
  6. Flow OS Summary
  7. Flow Log
  8. Flow Messages
  9. Flow Suppressed Messages



----------------
; Legal Notice ;
----------------
Copyright (C) 2025  Altera Corporation. All rights reserved.
Your use of Altera Corporation's design tools, logic functions 
and other software and tools, and any partner logic 
functions, and any output files from any of the foregoing 
(including device programming or simulation files), and any 
associated documentation or information are expressly subject 
to the terms and conditions of the Altera Program License 
Subscription Agreement, the Altera Quartus Prime License Agreement,
the Altera IP License Agreement, or other applicable license
agreement, including, without limitation, that your use is for
the sole purpose of programming logic devices manufactured by
Altera and sold by Altera or its authorized distributors.  Please
refer to the Altera Software License Subscription Agreements 
on the Quartus Prime software download page.



+------------------------------------------------------------------------------------------------------+
; Flow Summary                                                                                         ;
+------------------------------------+-----------------------------------------------------------------+
; Flow Status                        ; Successful - Sun Oct  4 13:47:14 2026                           ;
; Quartus Prime Version              ; 25.1std.0 Build 1129 10/21/2025 Patches 0.02std SC Lite Edition ;
; Revision Name                      ; DDC_Board_Project                                               ;
; Top-level Entity Name              ; DDC_Board_Project                                               ;
; Family                             ; MAX 10                                                          ;
; Device                             ; 10M50DAF484C7G                                                  ;
; Timing Models                      ; Final                                                           ;
; Total logic elements               ; 1,571 / 49,760 ( 3 % )                                          ;
;     Total combinational functions  ; 1,481 / 49,760 ( 3 % )                                          ;
;     Dedicated logic registers      ; 721 / 49,760 ( 1 % )                                            ;
; Total registers                    ; 721                                                             ;
; Total pins                         ; 21 / 360 ( 6 % )                                                ;
; Total virtual pins                 ; 0                                                               ;
; Total memory bits                  ; 512 / 1,677,312 ( < 1 % )                                       ;
; Embedded Multiplier 9-bit elements ; 4 / 288 ( 1 % )                                                 ;
; Total PLLs                         ; 0 / 4 ( 0 % )                                                   ;
; UFM blocks                         ; 0 / 1 ( 0 % )                                                   ;
; ADC blocks                         ; 0 / 2 ( 0 % )                                                   ;
+------------------------------------+-----------------------------------------------------------------+


+-----------------------------------------+
; Flow Settings                           ;
+-------------------+---------------------+
; Option            ; Setting             ;
+-------------------+---------------------+
; Start date & time ; 10/04/2026 13:43:48 ;
; Main task         ; Compilation         ;
; Revision Name     ; DDC_Board_Project   ;
+-------------------+---------------------+


+-------------------------------------------------------------------------------------------------------------------------------------------------------------------------+
; Flow Non-Default Global Settings                                                                                                                                        ;
+-------------------------------------+----------------------------------------------------------------+---------------+--------------+-----------------------------------+
; Assignment Name                     ; Value                                                          ; Default Value ; Entity Name  ; Section Id                        ;
+-------------------------------------+----------------------------------------------------------------+---------------+--------------+-----------------------------------+
; COMPILER_SIGNATURE_ID               ; 152201298329939.179111422713728                                ; --            ; --           ; --                                ;
; EDA_GENERATE_FUNCTIONAL_NETLIST     ; Off                                                            ; --            ; --           ; eda_board_design_timing           ;
; EDA_GENERATE_FUNCTIONAL_NETLIST     ; Off                                                            ; --            ; --           ; eda_board_design_boundary_scan    ;
; EDA_GENERATE_FUNCTIONAL_NETLIST     ; Off                                                            ; --            ; --           ; eda_board_design_signal_integrity ;
; EDA_GENERATE_FUNCTIONAL_NETLIST     ; Off                                                            ; --            ; --           ; eda_board_design_symbol           ;
; EDA_OUTPUT_DATA_FORMAT              ; Verilog Hdl                                                    ; --            ; --           ; eda_simulation                    ;
; EDA_SIMULATION_TOOL                 ; Questa Altera FPGA (Verilog)                                   ; <None>        ; --           ; --                                ;
; EDA_TIME_SCALE                      ; 1 ps                                                           ; --            ; --           ; eda_simulation                    ;
; MAX_CORE_JUNCTION_TEMP              ; 85                                                             ; --            ; --           ; --                                ;
; MIN_CORE_JUNCTION_TEMP              ; 0                                                              ; --            ; --           ; --                                ;
; MISC_FILE                           ; jtag_control/synthesis/../jtag_control.cmp                     ; --            ; --           ; --                                ;
; MISC_FILE                           ; jtag_control/synthesis/../../jtag_control.qsys                 ; --            ; --           ; --                                ;
; PARTITION_COLOR                     ; -- (Not supported for targeted family)                         ; --            ; --           ; Top                               ;
; PARTITION_FITTER_PRESERVATION_LEVEL ; -- (Not supported for targeted family)                         ; --            ; --           ; Top                               ;
; PARTITION_NETLIST_TYPE              ; -- (Not supported for targeted family)                         ; --            ; --           ; Top                               ;
; POWER_BOARD_THERMAL_MODEL           ; None (CONSERVATIVE)                                            ; --            ; --           ; --                                ;
; POWER_PRESET_COOLING_SOLUTION       ; 23 MM HEAT SINK WITH 200 LFPM AIRFLOW                          ; --            ; --           ; --                                ;
; PROJECT_OUTPUT_DIRECTORY            ; output_files                                                   ; --            ; --           ; --                                ;
; SLD_FILE                            ; jtag_control/synthesis/jtag_control.debuginfo                  ; --            ; --           ; --                                ;
; SLD_INFO                            ; QSYS_NAME jtag_control HAS_SOPCINFO 1 GENERATION_ID 1791028474 ; --            ; jtag_control ; --                                ;
; SOPCINFO_FILE                       ; jtag_control/synthesis/../../jtag_control.sopcinfo             ; --            ; --           ; --                                ;
; SYNTHESIS_ONLY_QIP                  ; On                                                             ; --            ; --           ; --                                ;
+-------------------------------------+----------------------------------------------------------------+---------------+--------------+-----------------------------------+


+--------------------------------------------------------------------------------------------------------------------------+
; Flow Elapsed Time                                                                                                        ;
+----------------------+--------------+-------------------------+---------------------+------------------------------------+
; Module Name          ; Elapsed Time ; Average Processors Used ; Peak Virtual Memory ; Total CPU Time (on all processors) ;
+----------------------+--------------+-------------------------+---------------------+------------------------------------+
; Analysis & Synthesis ; 00:02:02     ; 1.0                     ; 4960 MB             ; 00:02:55                           ;
; Fitter               ; 00:00:48     ; 1.3                     ; 6374 MB             ; 00:01:04                           ;
; Assembler            ; 00:00:10     ; 1.0                     ; 4829 MB             ; 00:00:09                           ;
; Timing Analyzer      ; 00:00:10     ; 1.8                     ; 4975 MB             ; 00:00:12                           ;
; EDA Netlist Writer   ; 00:00:06     ; 1.0                     ; 4688 MB             ; 00:00:05                           ;
; Total                ; 00:03:16     ; --                      ; --                  ; 00:04:25                           ;
+----------------------+--------------+-------------------------+---------------------+------------------------------------+


+------------------------------------------------------------------------------------+
; Flow OS Summary                                                                    ;
+----------------------+------------------+------------+------------+----------------+
; Module Name          ; Machine Hostname ; OS Name    ; OS Version ; Processor type ;
+----------------------+------------------+------------+------------+----------------+
; Analysis & Synthesis ; DESKTOP-01Q9A1D  ; Windows 10 ; 10.0       ; x86_64         ;
; Fitter               ; DESKTOP-01Q9A1D  ; Windows 10 ; 10.0       ; x86_64         ;
; Assembler            ; DESKTOP-01Q9A1D  ; Windows 10 ; 10.0       ; x86_64         ;
; Timing Analyzer      ; DESKTOP-01Q9A1D  ; Windows 10 ; 10.0       ; x86_64         ;
; EDA Netlist Writer   ; DESKTOP-01Q9A1D  ; Windows 10 ; 10.0       ; x86_64         ;
+----------------------+------------------+------------+------------+----------------+


------------
; Flow Log ;
------------
quartus_map --read_settings_files=on --write_settings_files=off DDC_Board_Project -c DDC_Board_Project
quartus_fit --read_settings_files=off --write_settings_files=off DDC_Board_Project -c DDC_Board_Project
quartus_asm --read_settings_files=off --write_settings_files=off DDC_Board_Project -c DDC_Board_Project
quartus_sta DDC_Board_Project -c DDC_Board_Project
quartus_eda --read_settings_files=off --write_settings_files=off DDC_Board_Project -c DDC_Board_Project



